C:\Users\HP\Desktop\project_2\Career\src\main\java\com\Manasvi\Career\CareerAdvisorApplication.java
C:\Users\HP\Desktop\project_2\Career\src\main\java\com\Manasvi\Career\CareerAdvisorController.java
C:\Users\HP\Desktop\project_2\Career\src\main\java\com\Manasvi\Career\controller\AuthController.java
C:\Users\HP\Desktop\project_2\Career\src\main\java\com\Manasvi\Career\controller\CareerController.java
C:\Users\HP\Desktop\project_2\Career\src\main\java\com\Manasvi\Career\controller\GoalController.java
C:\Users\HP\Desktop\project_2\Career\src\main\java\com\Manasvi\Career\controller\UserController.java
C:\Users\HP\Desktop\project_2\Career\src\main\java\com\Manasvi\Career\model\CareerInput.java
C:\Users\HP\Desktop\project_2\Career\src\main\java\com\Manasvi\Career\model\User.java
C:\Users\HP\Desktop\project_2\Career\src\main\java\com\Manasvi\Career\repository\CareerInputRepository.java
C:\Users\HP\Desktop\project_2\Career\src\main\java\com\Manasvi\Career\repository\UserRepository.java
C:\Users\HP\Desktop\project_2\Career\src\main\java\com\Manasvi\Career\service\CareerAdviceService.java
C:\Users\HP\Desktop\project_2\Career\src\main\java\com\Manasvi\Career\SkillAnalysisResult.java
